0 verbose cli /opt/homebrew/Cellar/node/25.1.0_1/bin/node /opt/homebrew/bin/npm
1 info using npm@11.6.2
2 info using node@v25.1.0
3 silly config load:file:/opt/homebrew/lib/node_modules/npm/npmrc
4 silly config load:file:/Users/sven/Documents/Typewriter/.npmrc
5 silly config load:file:/Users/sven/.npmrc
6 silly config load:file:/opt/homebrew/etc/npmrc
7 verbose title npm install playwright-chromium
8 verbose argv "install" "playwright-chromium" "--no-save"
9 verbose logfile logs-max:10 dir:/Users/sven/Documents/Typewriter/.npm-cache/_logs/2025-11-29T23_38_20_512Z-
10 verbose logfile /Users/sven/Documents/Typewriter/.npm-cache/_logs/2025-11-29T23_38_20_512Z-debug-0.log
11 silly logfile done cleaning log files
12 silly packumentCache heap:4496293888 maxSize:1124073472 maxEntrySize:562036736
13 silly idealTree buildDeps
14 silly fetch manifest playwright-chromium@*
15 silly packumentCache full:https://registry.npmjs.org/playwright-chromium cache-miss
16 http fetch GET 200 https://registry.npmjs.org/npm 240ms
17 http fetch GET 200 https://registry.npmjs.org/playwright-chromium 346ms (cache miss)
18 silly packumentCache full:https://registry.npmjs.org/playwright-chromium set size:undefined disposed:false
19 silly placeDep ROOT playwright-chromium@1.57.0 OK for: typewriter@1.9.0 want: *
20 silly fetch manifest playwright-core@1.57.0
21 silly packumentCache full:https://registry.npmjs.org/playwright-core cache-miss
22 http fetch GET 200 https://registry.npmjs.org/playwright-core 307ms (cache miss)
23 silly packumentCache full:https://registry.npmjs.org/playwright-core set size:undefined disposed:false
24 silly placeDep ROOT playwright-core@1.57.0 OK for: playwright-chromium@1.57.0 want: 1.57.0
25 silly reify moves {}
26 silly audit bulk request {
26 silly audit   'playwright-chromium': [ '1.57.0' ],
26 silly audit   'playwright-core': [ '1.57.0' ]
26 silly audit }
27 http cache playwright-chromium@https://registry.npmjs.org/playwright-chromium/-/playwright-chromium-1.57.0.tgz 0ms (cache hit)
28 http cache playwright-core@https://registry.npmjs.org/playwright-core/-/playwright-core-1.57.0.tgz 0ms (cache hit)
29 silly tarball no local data for playwright-chromium@https://registry.npmjs.org/playwright-chromium/-/playwright-chromium-1.57.0.tgz. Extracting by manifest.
30 silly tarball no local data for playwright-core@https://registry.npmjs.org/playwright-core/-/playwright-core-1.57.0.tgz. Extracting by manifest.
31 http fetch GET 200 https://registry.npmjs.org/playwright-chromium/-/playwright-chromium-1.57.0.tgz 39ms (cache miss)
32 http fetch POST 200 https://registry.npmjs.org/-/npm/v1/security/advisories/bulk 226ms
33 silly audit report {}
34 http fetch GET 200 https://registry.npmjs.org/playwright-core/-/playwright-core-1.57.0.tgz 363ms (cache miss)
35 info run playwright-chromium@1.57.0 install node_modules/playwright-chromium node install.js
36 info run playwright-chromium@1.57.0 install { code: 1, signal: null }
37 verbose stack Error: command failed
37 verbose stack     at promiseSpawn (/opt/homebrew/lib/node_modules/npm/node_modules/@npmcli/promise-spawn/lib/index.js:22:22)
37 verbose stack     at spawnWithShell (/opt/homebrew/lib/node_modules/npm/node_modules/@npmcli/promise-spawn/lib/index.js:124:10)
37 verbose stack     at promiseSpawn (/opt/homebrew/lib/node_modules/npm/node_modules/@npmcli/promise-spawn/lib/index.js:12:12)
37 verbose stack     at runScriptPkg (/opt/homebrew/lib/node_modules/npm/node_modules/@npmcli/run-script/lib/run-script-pkg.js:79:13)
37 verbose stack     at runScript (/opt/homebrew/lib/node_modules/npm/node_modules/@npmcli/run-script/lib/run-script.js:9:12)
37 verbose stack     at /opt/homebrew/lib/node_modules/npm/node_modules/@npmcli/arborist/lib/arborist/rebuild.js:332:17
37 verbose stack     at run (/opt/homebrew/lib/node_modules/npm/node_modules/promise-call-limit/dist/commonjs/index.js:67:22)
37 verbose stack     at /opt/homebrew/lib/node_modules/npm/node_modules/promise-call-limit/dist/commonjs/index.js:84:9
37 verbose stack     at new Promise (<anonymous>)
37 verbose stack     at callLimit (/opt/homebrew/lib/node_modules/npm/node_modules/promise-call-limit/dist/commonjs/index.js:35:69)
38 verbose pkgid playwright-chromium@1.57.0
39 error code 1
40 error path /Users/sven/Documents/Typewriter/node_modules/playwright-chromium
41 error command failed
42 error command sh -c node install.js
43 error node:internal/fs/promises:861
43 error   return await PromisePrototypeThen(
43 error          ^
43 error
43 error Error: EPERM: operation not permitted, mkdir '/Users/sven/Library/Caches/ms-playwright'
43 error     at async Object.mkdir (node:internal/fs/promises:861:10)
43 error     at async Registry.install (/Users/sven/Documents/Typewriter/node_modules/playwright-core/lib/server/registry/index.js:1009:5)
43 error     at async installBrowsersForNpmInstall (/Users/sven/Documents/Typewriter/node_modules/playwright-core/lib/server/registry/index.js:1352:3) {
43 error   errno: -1,
43 error   code: 'EPERM',
43 error   syscall: 'mkdir',
43 error   path: '/Users/sven/Library/Caches/ms-playwright'
43 error }
43 error
43 error Node.js v25.1.0
44 silly unfinished npm timer reify 1764459500594
45 silly unfinished npm timer reify:build 1764459501717
46 silly unfinished npm timer build 1764459501717
47 silly unfinished npm timer build:deps 1764459501717
48 silly unfinished npm timer build:run:install 1764459501719
49 silly unfinished npm timer build:run:install:node_modules/playwright-chromium 1764459501719
50 verbose cwd /Users/sven/Documents/Typewriter
51 verbose os Darwin 25.1.0
52 verbose node v25.1.0
53 verbose npm  v11.6.2
54 notice
54 notice New patch version of npm available! 11.6.2 -> 11.6.4
54 notice Changelog: https://github.com/npm/cli/releases/tag/v11.6.4
54 notice To update run: npm install -g npm@11.6.4
54 notice  { force: true, Symbol(proc-log.meta): true }
55 verbose exit 1
56 verbose code 1
57 error A complete log of this run can be found in: /Users/sven/Documents/Typewriter/.npm-cache/_logs/2025-11-29T23_38_20_512Z-debug-0.log
