0 verbose cli /opt/homebrew/Cellar/node/25.1.0_1/bin/node /opt/homebrew/bin/npm
1 info using npm@11.6.2
2 info using node@v25.1.0
3 silly config load:file:/opt/homebrew/lib/node_modules/npm/npmrc
4 silly config load:file:/Users/sven/Documents/Typewriter/.npmrc
5 silly config load:file:/Users/sven/.npmrc
6 silly config load:file:/opt/homebrew/etc/npmrc
7 verbose title npm install playwright-chromium
8 verbose argv "install" "playwright-chromium" "--no-save"
9 verbose logfile logs-max:10 dir:/Users/sven/Documents/Typewriter/.npm-cache/_logs/2025-11-29T23_38_24_737Z-
10 verbose logfile /Users/sven/Documents/Typewriter/.npm-cache/_logs/2025-11-29T23_38_24_737Z-debug-0.log
11 silly logfile done cleaning log files
12 silly packumentCache heap:4496293888 maxSize:1124073472 maxEntrySize:562036736
13 silly idealTree buildDeps
14 silly fetch manifest playwright-chromium@*
15 silly packumentCache full:https://registry.npmjs.org/playwright-chromium cache-miss
16 http cache https://registry.npmjs.org/playwright-chromium 13ms (cache hit)
17 silly packumentCache full:https://registry.npmjs.org/playwright-chromium set size:13960570 disposed:false
18 silly placeDep ROOT playwright-chromium@1.57.0 OK for: typewriter@1.9.0 want: *
19 silly fetch manifest playwright-core@1.57.0
20 silly packumentCache full:https://registry.npmjs.org/playwright-core cache-miss
21 http cache https://registry.npmjs.org/playwright-core 14ms (cache hit)
22 silly packumentCache full:https://registry.npmjs.org/playwright-core set size:17219510 disposed:false
23 silly placeDep ROOT playwright-core@1.57.0 OK for: playwright-chromium@1.57.0 want: 1.57.0
24 silly reify moves {}
25 silly audit bulk request {
25 silly audit   'playwright-chromium': [ '1.57.0' ],
25 silly audit   'playwright-core': [ '1.57.0' ]
25 silly audit }
26 http cache playwright-core@https://registry.npmjs.org/playwright-core/-/playwright-core-1.57.0.tgz 1ms (cache hit)
27 http cache playwright-chromium@https://registry.npmjs.org/playwright-chromium/-/playwright-chromium-1.57.0.tgz 0ms (cache hit)
28 info run playwright-chromium@1.57.0 install node_modules/playwright-chromium node install.js
29 http fetch POST 200 https://registry.npmjs.org/-/npm/v1/security/advisories/bulk 318ms
30 silly audit report {}
31 info run playwright-chromium@1.57.0 install { code: 0, signal: null }
32 silly ADD node_modules/playwright-core
33 silly ADD node_modules/playwright-chromium
34 verbose cwd /Users/sven/Documents/Typewriter
35 verbose os Darwin 25.1.0
36 verbose node v25.1.0
37 verbose npm  v11.6.2
38 verbose exit 0
39 info ok
